DEBUG 2026-09-02 15:17:25 formatter.py:57 action type: None, Result: , nargs: 0, default metavar: None
DEBUG 2026-09-02 15:17:25 formatter.py:57 action type: <class 'str'>, Result: str, nargs: None, default metavar: None
DEBUG 2026-09-02 15:17:25 _wrapper.py:181 wrapped field at host has a default value of localhost
DEBUG 2026-09-02 15:17:25 _wrapper.py:181 wrapped field at port has a default value of 8080
DEBUG 2026-09-02 15:17:25 _wrapper.py:181 wrapped field at fps has a default value of 30
DEBUG 2026-09-02 15:17:25 _wrapper.py:181 wrapped field at inference_latency has a default value of 0.03333333333333333
DEBUG 2026-09-02 15:17:25 _wrapper.py:181 wrapped field at obs_queue_timeout has a default value of 2
DEBUG 2026-09-02 15:17:25 ocstring.py:298 Warning: Unable to parse attribute docstring:         default=DEFAULT_INFERENCE_LATENCY, metadata={"help": "Target inference latency in seconds"}
DEBUG 2026-09-02 15:17:25 ocstring.py:298 Warning: Unable to parse attribute docstring:         default=DEFAULT_OBS_QUEUE_TIMEOUT, metadata={"help": "Timeout for observation queue in seconds"}
DEBUG 2026-09-02 15:17:25 gparsing.py:152 
POST PROCESSING

DEBUG 2026-09-02 15:17:25 gparsing.py:153 (raw) parsed args: Namespace(host='localhost', port='8080', fps='30')
DEBUG 2026-09-02 15:17:25 decoding.py:130 from_dict for <class 'lerobot.async_inference.configs.PolicyServerConfig'>
DEBUG 2026-09-02 15:17:25 decoding.py:150 Decode name = host, type = <class 'str'>
DEBUG 2026-09-02 15:17:25 decoding.py:150 Decode name = port, type = <class 'int'>
DEBUG 2026-09-02 15:17:25 decoding.py:150 Decode name = fps, type = <class 'int'>
INFO 2026-09-02 15:17:25 y_server.py:471 {'fps': 30,
 'host': 'localhost',
 'inference_latency': 0.03333333333333333,
 'obs_queue_timeout': 2,
 'port': 8080}
INFO 2026-09-02 15:17:25 y_server.py:481 PolicyServer started on localhost:8080
